[INFO] Scanning for projects...
[INFO] 
[INFO] ------------------------< viyom.donation:viyom >------------------------
[INFO] Building viyom 0.0.1-SNAPSHOT
[INFO]   from pom.xml
[INFO] --------------------------------[ jar ]---------------------------------
[INFO] 
[INFO] --- resources:3.3.1:resources (default-resources) @ viyom ---
[INFO] Copying 4 resources from src\main\resources to target\classes
[INFO] Copying 6 resources from src\main\resources to target\classes
[INFO] 
[INFO] --- compiler:3.11.0:compile (default-compile) @ viyom ---
[INFO] Nothing to compile - all classes are up to date
[INFO] 
[INFO] --- resources:3.3.1:testResources (default-testResources) @ viyom ---
[INFO] skip non existing resourceDirectory C:\Users\HP\Desktop\Viyom-main\Viyom-main\backend\src\test\resources
[INFO] 
[INFO] --- compiler:3.11.0:testCompile (default-testCompile) @ viyom ---
[INFO] Nothing to compile - all classes are up to date
[INFO] 
[INFO] --- surefire:3.1.2:test (default-test) @ viyom ---
[INFO] Using auto detected provider org.apache.maven.surefire.junitplatform.JUnitPlatformProvider
[INFO] 
[INFO] -------------------------------------------------------
[INFO]  T E S T S
[INFO] -------------------------------------------------------
[INFO] Running viyom.donation.viyom.blockchain.service.BlockchainServiceTest
.\mvnw.cmd : OpenJDK 64-Bit 
Server VM warning: Sharing 
is only supported for boot 
loader classes because 
bootstrap classpath has been 
appended
At line:1 char:1
+ .\mvnw.cmd test 
-Dtest=BlockchainServiceTest 
> test_output.txt 2>&1
+ ~~~~~~~~~~~~~~~~~~~~~~~~~~~
~~~~~~~~~~~~~~~~~~~~~~~~~~~~~
~~~~~~~~~~~
    + CategoryInfo           
   : NotSpecified: (OpenJDK  
   64-Bit ...s been append   
 ed:String) [], RemoteExc    
eption
    + FullyQualifiedErrorId  
   : NativeCommandError
 
15:33:56.849 [main] INFO viyom.donation.viyom.blockchain.service.BlockchainService -- BlockchainService initialized with contract at: 0x123
15:33:56.862 [main] INFO viyom.donation.viyom.blockchain.service.BlockchainService -- Transaction enabled: true
15:33:57.044 [ForkJoinPool.commonPool-worker-1] WARN viyom.donation.viyom.blockchain.service.BlockchainService -- Blockchain transactions disabled - skipping donation recording
15:33:57.285 [main] INFO viyom.donation.viyom.blockchain.service.BlockchainService -- BlockchainService initialized with contract at: 0x123
15:33:57.285 [main] INFO viyom.donation.viyom.blockchain.service.BlockchainService -- Transaction enabled: true
15:33:57.363 [ForkJoinPool.commonPool-worker-1] INFO viyom.donation.viyom.blockchain.service.BlockchainService -- Starting blockchain donation recording - Order: ORD, Amount: 1, Category: Cat
15:33:57.375 [ForkJoinPool.commonPool-worker-1] ERROR viyom.donation.viyom.blockchain.util.HashUtil -- Hash length mismatch: expected 64 chars, got 66
15:33:57.375 [ForkJoinPool.commonPool-worker-1] ERROR viyom.donation.viyom.blockchain.util.HashUtil -- Failed to generate donor hash for email: test@test.com
java.lang.RuntimeException: Hash generation failed - incorrect length
	at viyom.donation.viyom.blockchain.util.HashUtil.generateDonorHash(HashUtil.java:53)
	at viyom.donation.viyom.blockchain.util.HashUtil.generateConsistentDonorHash(HashUtil.java:141)
	at viyom.donation.viyom.blockchain.service.BlockchainService.lambda$0(BlockchainService.java:81)
	at java.base/java.util.concurrent.CompletableFuture$AsyncSupply.run(CompletableFuture.java:1768)
	at java.base/java.util.concurrent.CompletableFuture$AsyncSupply.exec(CompletableFuture.java:1760)
	at java.base/java.util.concurrent.ForkJoinTask.doExec(ForkJoinTask.java:373)
	at java.base/java.util.concurrent.ForkJoinPool$WorkQueue.topLevelExec(ForkJoinPool.java:1182)
	at java.base/java.util.concurrent.ForkJoinPool.scan(ForkJoinPool.java:1655)
	at java.base/java.util.concurrent.ForkJoinPool.runWorker(ForkJoinPool.java:1622)
	at java.base/java.util.concurrent.ForkJoinWorkerThread.run(ForkJoinWorkerThread.java:165)
15:33:57.383 [ForkJoinPool.commonPool-worker-1] ERROR viyom.donation.viyom.blockchain.service.BlockchainService -- Blockchain recording failed for order: ORD - Error: Donor hash generation failed
java.lang.RuntimeException: Donor hash generation failed
	at viyom.donation.viyom.blockchain.util.HashUtil.generateDonorHash(HashUtil.java:65)
	at viyom.donation.viyom.blockchain.util.HashUtil.generateConsistentDonorHash(HashUtil.java:141)
	at viyom.donation.viyom.blockchain.service.BlockchainService.lambda$0(BlockchainService.java:81)
	at java.base/java.util.concurrent.CompletableFuture$AsyncSupply.run(CompletableFuture.java:1768)
	at java.base/java.util.concurrent.CompletableFuture$AsyncSupply.exec(CompletableFuture.java:1760)
	at java.base/java.util.concurrent.ForkJoinTask.doExec(ForkJoinTask.java:373)
	at java.base/java.util.concurrent.ForkJoinPool$WorkQueue.topLevelExec(ForkJoinPool.java:1182)
	at java.base/java.util.concurrent.ForkJoinPool.scan(ForkJoinPool.java:1655)
	at java.base/java.util.concurrent.ForkJoinPool.runWorker(ForkJoinPool.java:1622)
	at java.base/java.util.concurrent.ForkJoinWorkerThread.run(ForkJoinWorkerThread.java:165)
Caused by: java.lang.RuntimeException: Hash generation failed - incorrect length
	at viyom.donation.viyom.blockchain.util.HashUtil.generateDonorHash(HashUtil.java:53)
	... 9 common frames omitted
java.lang.RuntimeException: 
Donor hash generation failed
	at viyom.donation.viyom.bloc
kchain.util.HashUtil.generate
DonorHash(HashUtil.java:65)
	at viyom.donation.viyom.bloc
kchain.util.HashUtil.generate
ConsistentDonorHash(HashUtil.
java:141)
	at viyom.donation.viyom.bloc
kchain.service.BlockchainServ
ice.lambda$0(BlockchainServic
e.java:81)
	at java.base/java.util.concu
rrent.CompletableFuture$Async
Supply.run(CompletableFuture.
java:1768)
	at java.base/java.util.concu
rrent.CompletableFuture$Async
Supply.exec(CompletableFuture
.java:1760)
	at java.base/java.util.concu
rrent.ForkJoinTask.doExec(For
kJoinTask.java:373)
	at java.base/java.util.concu
rrent.ForkJoinPool$WorkQueue.
topLevelExec(ForkJoinPool.jav
a:1182)
	at java.base/java.util.concu
rrent.ForkJoinPool.scan(ForkJ
oinPool.java:1655)
	at java.base/java.util.concu
rrent.ForkJoinPool.runWorker(
ForkJoinPool.java:1622)
	at java.base/java.util.concu
rrent.ForkJoinWorkerThread.ru
n(ForkJoinWorkerThread.java:1
65)
Caused by: 
java.lang.RuntimeException: 
Hash generation failed - 
incorrect length
	at viyom.donation.viyom.bloc
kchain.util.HashUtil.generate
DonorHash(HashUtil.java:53)
	... 9 more
15:33:57.393 [main] INFO viyom.donation.viyom.blockchain.service.BlockchainService -- BlockchainService initialized with contract at: 0x123
15:33:57.393 [main] INFO viyom.donation.viyom.blockchain.service.BlockchainService -- Transaction enabled: true
15:33:57.400 [ForkJoinPool.commonPool-worker-1] INFO viyom.donation.viyom.blockchain.service.BlockchainService -- Starting blockchain donation recording - Order: ORDER_123, Amount: 0.1, Category: Education
15:33:57.405 [ForkJoinPool.commonPool-worker-1] ERROR viyom.donation.viyom.blockchain.util.HashUtil -- Hash length mismatch: expected 64 chars, got 66
15:33:57.407 [ForkJoinPool.commonPool-worker-1] ERROR viyom.donation.viyom.blockchain.util.HashUtil -- Failed to generate donor hash for email: test@example.com
java.lang.RuntimeException: Hash generation failed - incorrect length
	at viyom.donation.viyom.blockchain.util.HashUtil.generateDonorHash(HashUtil.java:53)
	at viyom.donation.viyom.blockchain.util.HashUtil.generateConsistentDonorHash(HashUtil.java:141)
	at viyom.donation.viyom.blockchain.service.BlockchainService.lambda$0(BlockchainService.java:81)
	at java.base/java.util.concurrent.CompletableFuture$AsyncSupply.run(CompletableFuture.java:1768)
	at java.base/java.util.concurrent.CompletableFuture$AsyncSupply.exec(CompletableFuture.java:1760)
	at java.base/java.util.concurrent.ForkJoinTask.doExec(ForkJoinTask.java:373)
	at java.base/java.util.concurrent.ForkJoinPool$WorkQueue.topLevelExec(ForkJoinPool.java:1182)
	at java.base/java.util.concurrent.ForkJoinPool.scan(ForkJoinPool.java:1655)
	at java.base/java.util.concurrent.ForkJoinPool.runWorker(ForkJoinPool.java:1622)
	at java.base/java.util.concurrent.ForkJoinWorkerThread.run(ForkJoinWorkerThread.java:165)
15:33:57.409 [ForkJoinPool.commonPool-worker-1] ERROR viyom.donation.viyom.blockchain.service.BlockchainService -- Blockchain recording failed for order: ORDER_123 - Error: Donor hash generation failed
java.lang.RuntimeException: Donor hash generation failed
	at viyom.donation.viyom.blockchain.util.HashUtil.generateDonorHash(HashUtil.java:65)
	at viyom.donation.viyom.blockchain.util.HashUtil.generateConsistentDonorHash(HashUtil.java:141)
	at viyom.donation.viyom.blockchain.service.BlockchainService.lambda$0(BlockchainService.java:81)
	at java.base/java.util.concurrent.CompletableFuture$AsyncSupply.run(CompletableFuture.java:1768)
	at java.base/java.util.concurrent.CompletableFuture$AsyncSupply.exec(CompletableFuture.java:1760)
	at java.base/java.util.concurrent.ForkJoinTask.doExec(ForkJoinTask.java:373)
	at java.base/java.util.concurrent.ForkJoinPool$WorkQueue.topLevelExec(ForkJoinPool.java:1182)
	at java.base/java.util.concurrent.ForkJoinPool.scan(ForkJoinPool.java:1655)
	at java.base/java.util.concurrent.ForkJoinPool.runWorker(ForkJoinPool.java:1622)
	at java.base/java.util.concurrent.ForkJoinWorkerThread.run(ForkJoinWorkerThread.java:165)
Caused by: java.lang.RuntimeException: Hash generation failed - incorrect length
	at viyom.donation.viyom.blockchain.util.HashUtil.generateDonorHash(HashUtil.java:53)
	... 9 common frames omitted
java.lang.RuntimeException: 
Donor hash generation failed
	at viyom.donation.viyom.bloc
kchain.util.HashUtil.generate
DonorHash(HashUtil.java:65)
	at viyom.donation.viyom.bloc
kchain.util.HashUtil.generate
ConsistentDonorHash(HashUtil.
java:141)
	at viyom.donation.viyom.bloc
kchain.service.BlockchainServ
ice.lambda$0(BlockchainServic
e.java:81)
	at java.base/java.util.concu
rrent.CompletableFuture$Async
Supply.run(CompletableFuture.
java:1768)
	at java.base/java.util.concu
rrent.CompletableFuture$Async
Supply.exec(CompletableFuture
.java:1760)
	at java.base/java.util.concu
rrent.ForkJoinTask.doExec(For
kJoinTask.java:373)
	at java.base/java.util.concu
rrent.ForkJoinPool$WorkQueue.
topLevelExec(ForkJoinPool.jav
a:1182)
	at java.base/java.util.concu
rrent.ForkJoinPool.scan(ForkJ
oinPool.java:1655)
	at java.base/java.util.concu
rrent.ForkJoinPool.runWorker(
ForkJoinPool.java:1622)
	at java.base/java.util.concu
rrent.ForkJoinWorkerThread.ru
n(ForkJoinWorkerThread.java:1
65)
Caused by: 
java.lang.RuntimeException: 
Hash generation failed - 
incorrect length
	at viyom.donation.viyom.bloc
kchain.util.HashUtil.generate
DonorHash(HashUtil.java:53)
	... 9 more
[ERROR] Tests run: 3, Failures: 1, Errors: 0, Skipped: 0, Time elapsed: 3.335 s <<< FAILURE! -- in viyom.donation.viyom.blockchain.service.BlockchainServiceTest
[ERROR] viyom.donation.viyom.blockchain.service.BlockchainServiceTest.recordDonationOnBlockchain_Success -- Time elapsed: 0.068 s <<< FAILURE!
org.opentest4j.AssertionFailedError: Transaction hash should not be null. Check logs for errors. ==> expected: not <null>
	at org.junit.jupiter.api.AssertionFailureBuilder.build(AssertionFailureBuilder.java:152)
	at org.junit.jupiter.api.AssertionFailureBuilder.buildAndThrow(AssertionFailureBuilder.java:132)
	at org.junit.jupiter.api.AssertNotNull.failNull(AssertNotNull.java:49)
	at org.junit.jupiter.api.AssertNotNull.assertNotNull(AssertNotNull.java:35)
	at org.junit.jupiter.api.Assertions.assertNotNull(Assertions.java:312)
	at viyom.donation.viyom.blockchain.service.BlockchainServiceTest.recordDonationOnBlockchain_Success(BlockchainServiceTest.java:74)
	at java.base/java.lang.reflect.Method.invoke(Method.java:569)
	at java.base/java.util.ArrayList.forEach(ArrayList.java:1511)
	at java.base/java.util.ArrayList.forEach(ArrayList.java:1511)

[INFO] 
[INFO] Results:
[INFO] 
[ERROR] Failures: 
[ERROR]   BlockchainServiceTest.recordDonationOnBlockchain_Success:74 Transaction hash should not be null. Check logs for errors. ==> expected: not <null>
[INFO] 
[ERROR] Tests run: 3, Failures: 1, Errors: 0, Skipped: 0
[INFO] 
[INFO] ------------------------------------------------------------------------
[INFO] BUILD FAILURE
[INFO] ------------------------------------------------------------------------
[INFO] Total time:  8.032 s
[INFO] Finished at: 2026-03-10T15:33:57+05:30
[INFO] ------------------------------------------------------------------------
[ERROR] Failed to execute goal org.apache.maven.plugins:maven-surefire-plugin:3.1.2:test (default-test) on project viyom: There are test failures.
[ERROR] 
[ERROR] Please refer to C:\Users\HP\Desktop\Viyom-main\Viyom-main\backend\target\surefire-reports for the individual test results.
[ERROR] Please refer to dump files (if any exist) [date].dump, [date]-jvmRun[N].dump and [date].dumpstream.
[ERROR] -> [Help 1]
[ERROR] 
[ERROR] To see the full stack trace of the errors, re-run Maven with the -e switch.
[ERROR] Re-run Maven using the -X switch to enable full debug logging.
[ERROR] 
[ERROR] For more information about the errors and possible solutions, please read the following articles:
[ERROR] [Help 1] http://cwiki.apache.org/confluence/display/MAVEN/MojoFailureException
